// Jest Snapshot v1, https://goo.gl/fbAQLP

exports[`init should create a date element 1`] = `"4"`;

exports[`init should create the first week of a month 1`] = `"<div id=\\"date0282018\\" class=\\"elr-cal-muted\\" data-month=\\"0\\" data-date=\\"28\\" data-year=\\"2018\\" data-day=\\"0\\">28</div><div id=\\"date0292018\\" class=\\"elr-cal-muted\\" data-month=\\"0\\" data-date=\\"29\\" data-year=\\"2018\\" data-day=\\"1\\">29</div><div id=\\"date0302018\\" class=\\"elr-cal-muted\\" data-month=\\"0\\" data-date=\\"30\\" data-year=\\"2018\\" data-day=\\"2\\">30</div><div id=\\"date0312018\\" class=\\"elr-cal-muted\\" data-month=\\"0\\" data-date=\\"31\\" data-year=\\"2018\\" data-day=\\"3\\">31</div><div id=\\"date112018\\" class=\\"elr-date\\" data-month=\\"1\\" data-date=\\"1\\" data-year=\\"2018\\" data-day=\\"4\\">1</div><div id=\\"date122018\\" class=\\"elr-date\\" data-month=\\"1\\" data-date=\\"2\\" data-year=\\"2018\\" data-day=\\"5\\">2<ul class=\\"elr-event-list\\"><li><a href=\\"#\\" class=\\"elr-cal-holiday\\"><span class=\\"elr-event elr-all-day-event\\">Groundhog Day</span></a></li></ul></div><div id=\\"date132018\\" class=\\"elr-date elr-cal-weekend\\" data-month=\\"1\\" data-date=\\"3\\" data-year=\\"2018\\" data-day=\\"6\\">3</div>"`;

exports[`init should create the last week of a month 1`] = `"<div id=\\"date1252018\\" class=\\"elr-date elr-cal-weekend\\" data-month=\\"1\\" data-date=\\"25\\" data-year=\\"2018\\" data-day=\\"0\\">25</div><div id=\\"date1262018\\" class=\\"elr-date\\" data-month=\\"1\\" data-date=\\"26\\" data-year=\\"2018\\" data-day=\\"1\\">26</div><div id=\\"date1272018\\" class=\\"elr-date\\" data-month=\\"1\\" data-date=\\"27\\" data-year=\\"2018\\" data-day=\\"2\\">27</div><div id=\\"date1282018\\" class=\\"elr-date\\" data-month=\\"1\\" data-date=\\"28\\" data-year=\\"2018\\" data-day=\\"3\\">28</div><div id=\\"date212018\\" class=\\"elr-cal-muted\\" data-month=\\"2\\" data-date=\\"1\\" data-year=\\"2018\\" data-day=\\"4\\">1</div><div id=\\"date222018\\" class=\\"elr-cal-muted\\" data-month=\\"2\\" data-date=\\"2\\" data-year=\\"2018\\" data-day=\\"5\\">2</div><div id=\\"date232018\\" class=\\"elr-cal-muted\\" data-month=\\"2\\" data-date=\\"3\\" data-year=\\"2018\\" data-day=\\"6\\">3</div>"`;

exports[`init should display events that occur on a monthly basis 1`] = `"<li><a href=\\"#\\"><span class=\\"elr-event elr-all-day-event\\">First Tuesday</span></a></li>"`;

exports[`init should show days of the week 1`] = `"<div class=\\"elr-calendar-heading-day\\">Sunday</div><div class=\\"elr-calendar-heading-day\\">Monday</div><div class=\\"elr-calendar-heading-day\\">Tuesday</div><div class=\\"elr-calendar-heading-day\\">Wednesday</div><div class=\\"elr-calendar-heading-day\\">Thursday</div><div class=\\"elr-calendar-heading-day\\">Friday</div><div class=\\"elr-calendar-heading-day\\">Saturday</div>"`;

exports[`init should show floating holidays 1`] = `"<span class=\\"elr-event elr-all-day-event\\">Martin Luther King's Birthday</span>"`;

exports[`init should show holidays 1`] = `"<span class=\\"elr-event elr-all-day-event\\">St. Patrick's Day</span>"`;
